============================= test session starts =============================
platform win32 -- Python 3.12.10, pytest-7.4.4, pluggy-1.6.0 -- D:\OryggiAI_Service\Advance_Chatbot\venv\Scripts\python.exe
cachedir: .pytest_cache
rootdir: D:\OryggiAI_Service\Advance_Chatbot
plugins: anyio-4.11.0, langsmith-0.3.45, asyncio-0.23.3, cov-4.1.0, mock-3.12.0
asyncio: mode=Mode.STRICT
collecting ... collected 27 items

tests/test_base_tool.py::TestChatbotTool::test_tool_initialization PASSED [  3%]
tests/test_base_tool.py::TestChatbotTool::test_tool_missing_name PASSED  [  7%]
tests/test_base_tool.py::TestChatbotTool::test_tool_missing_description PASSED [ 11%]
tests/test_base_tool.py::TestChatbotTool::test_permission_check_allowed PASSED [ 14%]
tests/test_base_tool.py::TestChatbotTool::test_permission_check_denied PASSED [ 18%]
tests/test_base_tool.py::TestChatbotTool::test_permission_check_unknown_role PASSED [ 22%]
tests/test_base_tool.py::TestChatbotTool::test_tool_execution_success FAILED [ 25%]
tests/test_base_tool.py::TestChatbotTool::test_tool_execution_permission_denied FAILED [ 29%]
tests/test_base_tool.py::TestChatbotTool::test_tool_execution_with_error FAILED [ 33%]
tests/test_base_tool.py::TestChatbotTool::test_admin_only_tool FAILED    [ 37%]
tests/test_base_tool.py::TestChatbotTool::test_destructive_tool_flag PASSED [ 40%]
tests/test_base_tool.py::TestChatbotTool::test_get_metadata PASSED       [ 44%]
tests/test_base_tool.py::TestChatbotTool::test_tool_repr PASSED          [ 48%]
tests/test_base_tool.py::TestToolRegistry::test_registry_initialization PASSED [ 51%]
tests/test_base_tool.py::TestToolRegistry::test_register_tool PASSED     [ 55%]
tests/test_base_tool.py::TestToolRegistry::test_register_duplicate_tool PASSED [ 59%]
tests/test_base_tool.py::TestToolRegistry::test_register_invalid_type PASSED [ 62%]
tests/test_base_tool.py::TestToolRegistry::test_get_tool_exists PASSED   [ 66%]
tests/test_base_tool.py::TestToolRegistry::test_get_tool_not_exists PASSED [ 70%]
tests/test_base_tool.py::TestToolRegistry::test_list_all_tools PASSED    [ 74%]
tests/test_base_tool.py::TestToolRegistry::test_list_tools_for_role_admin PASSED [ 77%]
tests/test_base_tool.py::TestToolRegistry::test_list_tools_for_role_hr_manager PASSED [ 81%]
tests/test_base_tool.py::TestToolRegistry::test_list_tools_for_role_viewer PASSED [ 85%]
tests/test_base_tool.py::TestToolRegistry::test_execute_tool_success FAILED [ 88%]
tests/test_base_tool.py::TestToolRegistry::test_execute_tool_not_found PASSED [ 92%]
tests/test_base_tool.py::TestToolRegistry::test_execute_tool_permission_denied FAILED [ 96%]
tests/test_base_tool.py::TestToolRegistry::test_registry_repr PASSED     [100%]

================================== FAILURES ===================================
_________________ TestChatbotTool.test_tool_execution_success _________________

self = <test_base_tool.TestChatbotTool object at 0x0000025B27C91850>

    def test_tool_execution_success(self):
        """Test successful tool execution"""
        tool = MockQueryTool()
    
        result = tool.run(
            user_role="ADMIN",
            question="How many employees?"
        )
    
>       assert result["success"] == True
E       TypeError: 'coroutine' object is not subscriptable

tests\test_base_tool.py:129: TypeError
---------------------------- Captured stderr call -----------------------------
2025-11-20 11:26:35.422 | INFO     | app.tools.base_tool:__init__:62 - Initialized tool: mock_query
____________ TestChatbotTool.test_tool_execution_permission_denied ____________

self = <test_base_tool.TestChatbotTool object at 0x0000025B27C919A0>

    def test_tool_execution_permission_denied(self):
        """Test tool execution blocks unauthorized users"""
        tool = MockQueryTool()
    
        result = tool.run(
            user_role="VIEWER",
            question="How many employees?"
        )
    
>       assert result["success"] == False
E       TypeError: 'coroutine' object is not subscriptable

tests\test_base_tool.py:144: TypeError
---------------------------- Captured stderr call -----------------------------
2025-11-20 11:26:35.434 | INFO     | app.tools.base_tool:__init__:62 - Initialized tool: mock_query
_______________ TestChatbotTool.test_tool_execution_with_error ________________

self = <test_base_tool.TestChatbotTool object at 0x0000025B27C91AF0>

    def test_tool_execution_with_error(self):
        """Test tool execution handles exceptions"""
        tool = MockFailingTool()
    
        result = tool.run(user_role="ADMIN")
    
>       assert result["success"] == False
E       TypeError: 'coroutine' object is not subscriptable

tests\test_base_tool.py:155: TypeError
---------------------------- Captured stderr call -----------------------------
2025-11-20 11:26:35.434 | INFO     | app.tools.base_tool:__init__:62 - Initialized tool: mock_failing
____________________ TestChatbotTool.test_admin_only_tool _____________________

self = <test_base_tool.TestChatbotTool object at 0x0000025B27C91A90>

    def test_admin_only_tool(self):
        """Test admin-only tool restricts access"""
        tool = MockAdminOnlyTool()
    
        # ADMIN should have access
        result = tool.run(user_role="ADMIN", action="delete_all")
>       assert result["success"] == True
E       TypeError: 'coroutine' object is not subscriptable

tests\test_base_tool.py:166: TypeError
---------------------------- Captured stderr call -----------------------------
2025-11-20 11:26:35.450 | INFO     | app.tools.base_tool:__init__:62 - Initialized tool: mock_admin_only
_________________ TestToolRegistry.test_execute_tool_success __________________

self = <test_base_tool.TestToolRegistry object at 0x0000025B27C92C60>

    def test_execute_tool_success(self):
        """Test executing tool through registry"""
        registry = ToolRegistry()
        registry.register(MockQueryTool())
    
        result = registry.execute_tool(
            tool_name="mock_query",
            user_role="ADMIN",
            question="Test question"
        )
    
>       assert result["success"] == True
E       TypeError: 'coroutine' object is not subscriptable

tests\test_base_tool.py:300: TypeError
---------------------------- Captured stderr call -----------------------------
2025-11-20 11:26:35.472 | INFO     | app.tools:__init__:41 - Tool registry initialized
2025-11-20 11:26:35.472 | INFO     | app.tools.base_tool:__init__:62 - Initialized tool: mock_query
2025-11-20 11:26:35.472 | INFO     | app.tools:register:60 - Registered tool: mock_query (roles: ADMIN, HR_MANAGER, HR_STAFF)
2025-11-20 11:26:35.472 | INFO     | app.tools:execute_tool:144 - Executing tool: mock_query (user_role: ADMIN)
____________ TestToolRegistry.test_execute_tool_permission_denied _____________

self = <test_base_tool.TestToolRegistry object at 0x0000025B27C92F00>

    def test_execute_tool_permission_denied(self):
        """Test executing tool without permission"""
        registry = ToolRegistry()
        registry.register(MockAdminOnlyTool())
    
        result = registry.execute_tool(
            tool_name="mock_admin_only",
            user_role="HR_MANAGER",
            action="delete"
        )
    
>       assert result["success"] == False
E       TypeError: 'coroutine' object is not subscriptable

tests\test_base_tool.py:326: TypeError
---------------------------- Captured stderr call -----------------------------
2025-11-20 11:26:35.484 | INFO     | app.tools:__init__:41 - Tool registry initialized
2025-11-20 11:26:35.484 | INFO     | app.tools.base_tool:__init__:62 - Initialized tool: mock_admin_only
2025-11-20 11:26:35.484 | INFO     | app.tools:register:60 - Registered tool: mock_admin_only (roles: ADMIN)
2025-11-20 11:26:35.484 | INFO     | app.tools:execute_tool:144 - Executing tool: mock_admin_only (user_role: HR_MANAGER)
============================== warnings summary ===============================
venv\Lib\site-packages\pydantic\fields.py:804: 74 warnings
  D:\OryggiAI_Service\Advance_Chatbot\venv\Lib\site-packages\pydantic\fields.py:804: PydanticDeprecatedSince20: Using extra keyword arguments on `Field` is deprecated and will be removed. Use `json_schema_extra` instead. (Extra keys: 'env'). Deprecated in Pydantic V2.0 to be removed in V3.0. See Pydantic V2 Migration Guide at https://errors.pydantic.dev/2.7/migration/
    warn(

venv\Lib\site-packages\pydantic\_internal\_config.py:284
  D:\OryggiAI_Service\Advance_Chatbot\venv\Lib\site-packages\pydantic\_internal\_config.py:284: PydanticDeprecatedSince20: Support for class-based `config` is deprecated, use ConfigDict instead. Deprecated in Pydantic V2.0 to be removed in V3.0. See Pydantic V2 Migration Guide at https://errors.pydantic.dev/2.7/migration/
    warnings.warn(DEPRECATION_MESSAGE, DeprecationWarning)

app\database\connection.py:17
  D:\OryggiAI_Service\Advance_Chatbot\app\database\connection.py:17: MovedIn20Warning: The ``declarative_base()`` function is now available as sqlalchemy.orm.declarative_base(). (deprecated since: 2.0) (Background on SQLAlchemy 2.0 at: https://sqlalche.me/e/b8d9)
    Base = declarative_base()

-- Docs: https://docs.pytest.org/en/stable/how-to/capture-warnings.html
=========================== short test summary info ===========================
FAILED tests/test_base_tool.py::TestChatbotTool::test_tool_execution_success
FAILED tests/test_base_tool.py::TestChatbotTool::test_tool_execution_permission_denied
FAILED tests/test_base_tool.py::TestChatbotTool::test_tool_execution_with_error
FAILED tests/test_base_tool.py::TestChatbotTool::test_admin_only_tool - TypeE...
FAILED tests/test_base_tool.py::TestToolRegistry::test_execute_tool_success
FAILED tests/test_base_tool.py::TestToolRegistry::test_execute_tool_permission_denied
================== 6 failed, 21 passed, 76 warnings in 6.56s ==================
venv\Scripts\python : sys:1: RuntimeWarning: 
coroutine 'ChatbotTool.run' was never awaited
At line:1 char:1
+ venv\Scripts\python -m pytest 
tests/test_base_tool.py -v > test_outpu ...
+ ~~~~~~~~~~~~~~~~~~~~~~~~~~~~~~~~~~~~~~~~~~~
~~~~~~~~~~~~~~~~~~~~~~~~~~
    + CategoryInfo          : NotSpecified:  
   (sys:1: RuntimeW...s never awaited:Strin  
  g) [], RemoteException
    + FullyQualifiedErrorId : NativeCommandE 
   rror
 
RuntimeWarning: Enable tracemalloc to get 
the object allocation traceback
